{
 class: "VueSourceComponent",
 components: {
  DefineModelsTS: <recursive value of class VueSourceComponent>,
 },
 props: [
  {
   class: "VueScriptSetupModelInputProperty",
   name: "count",
   jsType: "number | undefined",
   required: false,
  },
  {
   class: "VueScriptSetupModelInputProperty",
   name: "countLocal",
   jsType: "number | undefined",
   required: false,
  },
  {
   class: "VueScriptSetupModelInputProperty",
   name: "countRequired",
   jsType: "number | boolean[]",
   required: true,
  },
  {
   class: "VueScriptSetupModelInputProperty",
   name: "countType",
   jsType: "string | undefined",
   required: false,
  },
  {
   class: "VueScriptSetupModelInputProperty",
   name: "modelValue",
   jsType: "string",
   required: true,
  },
 ],
 emits: [
  {
   class: "VueScriptSetupModelEvent",
   name: "update:count",
   eventJSType: "(value: (number | undefined)) => void",
   params: [
    {
     name: "value",
     type: "number | undefined",
    },
   ],
   hasStrictSignature: true,
   callSignature: "(event: "update:count", value: (number | undefined)) => void",
  },
  {
   class: "VueScriptSetupModelEvent",
   name: "update:countLocal",
   eventJSType: "(value: (number | undefined)) => void",
   params: [
    {
     name: "value",
     type: "number | undefined",
    },
   ],
   hasStrictSignature: true,
   callSignature: "(event: "update:countLocal", value: (number | undefined)) => void",
  },
  {
   class: "VueScriptSetupModelEvent",
   name: "update:countRequired",
   eventJSType: "(value: (number | boolean[])) => void",
   params: [
    {
     name: "value",
     type: "number | boolean[]",
    },
   ],
   hasStrictSignature: true,
   callSignature: "(event: "update:countRequired", value: (number | boolean[])) => void",
  },
  {
   class: "VueScriptSetupModelEvent",
   name: "update:countType",
   eventJSType: "(value: (string | undefined)) => void",
   params: [
    {
     name: "value",
     type: "string | undefined",
    },
   ],
   hasStrictSignature: true,
   callSignature: "(event: "update:countType", value: (string | undefined)) => void",
  },
  {
   class: "VueScriptSetupModelEvent",
   name: "update:modelValue",
   eventJSType: "(value: string) => void",
   params: [
    {
     name: "value",
     type: "string",
    },
   ],
   hasStrictSignature: true,
   callSignature: "(event: "update:modelValue", value: string) => void",
  },
 ],
 modelDecls: [
  {
   class: "VueScriptSetupModelDecl",
   name: "count",
   jsType: "number | undefined",
   required: false,
   local: false,
  },
  {
   class: "VueScriptSetupModelDecl",
   name: "countLocal",
   jsType: "number | undefined",
   required: false,
   local: true,
  },
  {
   class: "VueScriptSetupModelDecl",
   name: "countRequired",
   jsType: "number | boolean[]",
   required: true,
   local: false,
  },
  {
   class: "VueScriptSetupModelDecl",
   name: "countType",
   jsType: "string | undefined",
   required: false,
   local: false,
  },
  {
   class: "VueScriptSetupModelDecl",
   name: "modelValue",
   jsType: "string",
   required: true,
   local: false,
  },
 ],
}
