C_STYLE_COMMENT ('/*
commented = assgnment
commented < text
also = commented*/

/*        commented = assgnment
          commented < text
          also = commented*/')