<div class='definition'><pre>controls.CCC.aaa(<br>    a?: int = 1)</pre></div><div class='content'><p> my super<p>
 func<p>
 <table><p>
   <tr>       <th>Property</th>       <th>Value</th>   </tr><p>
   <tr>       <td><code>bubbles</code></td>       <td>false</td>   </tr><p>
 </table><p>
<p>
 doc1<p>
 doc2<p>
<p>
 <TABLE width="100%"></TABLE><p>
 doc3<p>
 doc4</div><table class='sections'></table>