<PRE>[ <a href="psi_element://CCC">CCC</a> ] <b>AAA.aaa</b>(&nbsp;)
</PRE> Useful information
<DL></DL>