  The CCC control is super special control.<BR>
  <ul><BR>
    <li>Which CSS style properties the class inherits</li><BR>
    <li>Which style properties are colors, and therefore get special handling</li><BR>
    <li>A list of strings that are aliases for color values</li><BR>
  </ul><DL><DT><b>See also:</b></DT><DD><a href="psi_element://controls.CCC">controls.CCC</a></DD><DD><a href="psi_element://controls.CCC">controls.CCC</a></DD></DL>