<div class='definition'><pre>CCC</pre></div><div class='content'><p>The CCC control is super special control.</div><table class='sections'><tr><td valign='top' class='section'><p>See also:</td><td><a href="psi_element://controls.CCC">controls.CCC</a></td></table>