<div class='definition'><pre>ClassInheritDoc1</pre></div><div class='content'><p> Subclass docs line1<p>
 Subclass docs line2</div><table class='sections'></table>