<div class='definition'><pre>ClassInheritDoc4</pre></div><div class='content'><p> Subclass docs line1<p>
 Subclass docs line2<p>
 Subclass docs line3<p>
 Subclass docs line4<p>
<p>
 Base docs line1<p>
 Base docs line2<p>
 Base docs line3<p>
 Base docs line4</div><table class='sections'></table>