<PRE><b>ClassInheritDoc2</b></PRE> Subclass docs line1<BR>
 Subclass docs line2<BR>
<BR>
 Base docs line1<BR>
 Base docs line2<BR>
<BR>
 GrandBase docs line1