<div class='definition'><pre>DocsInsideClass</pre></div>