<div class='definition'><pre>foo: Boolean</pre></div><div class='content'><p>bla bla bla</div>