<div class='definition'><pre>DocsInsideFunction2.getClass(<br>    bundleName: String,<br>    resourceName: String,<br>    locale?: String = null): <a href="psi_element://Class">Class</a></pre></div><div class='content'><p>Gets the value of a specified resource as a Class.</div><table class='sections'><tr><td valign='top' class='section'><p>Returns:</td><td valign='top'><p>The resource value, as a <code>Class</code>,
<p>or <code>null</code> if it is not found.</td></table>