<b>FlexMetadataStyle.mxml</b><br>
 myCustomStyle docs