<PRE><b>p1.MyClass</b></PRE> p1.MyClass documentation<br><br>

<PRE><b>p2.MyClass</b></PRE> p2.MyClass documentation