<div class='definition'><pre>myCustomStyle</pre></div><div class='content'><p> myCustomStyle docs 1</div><table class='sections'><tr><td valign='top' class='section'><p>Declared in:</td><td><p>FlexMetadataStyleMultidoc1.mxml</td></table><div class='content'><p> myCustomStyle docs 2</div><table class='sections'><tr><td valign='top' class='section'><p>Declared in:</td><td><p>FlexMetadataStyleMultidoc2.mxml</td></table>