<div class='definition'><pre>borderColor</pre></div><div class='content'><p> Container's border color</div><table class='sections'><tr><td valign='top' class='section'><p>Declared in:</td><td><p>mx.core.Container</td></table><div class='content'><p> UI component's border color</div><table class='sections'><tr><td valign='top' class='section'><p>Declared in:</td><td><p>mx.core.UIComponent</td></table><div class='content'><p> Button's border color</div><table class='sections'><tr><td valign='top' class='section'><p>Declared in:</td><td><p>mypackage.Button</td></table>