<PRE><b>Foo.Foo</b>(&nbsp;x,
    &nbsp;y,
    &nbsp;z&nbsp;)
</PRE> Doc
<DL><DT><b>Parameters:</b></DT><DD><code>x</code> -  xxx</DD>
<DD><code>y</code> -  yyy</DD>
<DD><code>z</code> -  zzz</DD>
</DL><DL><DT><b>See also:</b></DT><DD><a href="psi_element://Array">Array</a></DD></DL>