<div class='definition'><pre>foo</pre></div><div class='content'><p> test: shown</div><table class='sections'></table>