<div class='definition'><pre>private<br>C.$removeChild(<br>    child: <a href="psi_element://DisplayObject">DisplayObject</a>): <a href="psi_element://DisplayObject">DisplayObject</a></pre></div><div class='content'><p>This method allows access to native implementation</div>