<div class='definition'><pre>Sub.foo(p1: String,<br>        p2: int): Boolean</pre></div><table class='sections'><tr><td valign='top' class='section'><p>Params:</td><td><p>p1 &ndash;  param_1<p>p2 &ndash;  param_2</table>