<div class='definition'><pre>Sub.foo(p: String,<br>        v: int): Boolean</pre></div><div class='content'><p>(sub 1)
<p>(sub 2)
<p>(sub 3)
<p>(base 1)
<p>(base 2)
<p>(base 3)
<p>(grandbase1)
<p>(grandgrandbase1)</div><table class='sections'><tr><td valign='top' class='section'><p>Params:</td><td valign='top'><p>p &ndash; (base p)<p>v &ndash; (grandbase v)<tr><td valign='top' class='section'><p>Returns:</td><td valign='top'><p>(fake) (base return)</td></table>