<div class='definition'><pre>myButton</pre></div><div class='content'><p>         Comment for button</div><table class='sections'></table>