<div class='definition'><pre>horizontalCenter</pre></div><div class='content'><p> My style !</div><table class='sections'></table>