<div class='definition'><pre>MxmlDoc6</pre></div><div class='content'><p>The class level comment for the component.<p>
This tag supports all ASDoc tags,<p>
and does not require a CDATA block.</div><table class='sections'><tr><td valign='top' class='section'><p>See also:</td><td><a href="psi_element://mx.core.UIComponent">mx.core.UIComponent</a></td></table>