 AAA<p><b>Type:</b> <code>String</code><p>
<u>Current value:</u>&nbsp;<code>#ffffff</code><span style="background-color:#ffffff">&nbsp;&nbsp;&nbsp;</span></p>