(property) public static function xxx.AAA.yyy:Object