public static function xxx.<a href="psi_element://AAA">AAA</a>.yyy(p:Object):AAA