<DL><DT><b>See also:</b></DT><DD><a href="psi_element://TopLevelClass.method()">#method()</a></DD><DD><a href="psi_element://TopLevelClass.prop1">#prop1</a></DD><DD><a href="http://www.google.com">http://www.google.com</a></DD><DD><a href="psi_element://flash.ui.ContextMenu.clone()">flash.ui.ContextMenu#clone()</a></DD><DD>Some text</DD><DD><a href="http://livedocs.adobe.com/flex/3/html/help.html?content=asdoc_7.html">Adobe documentation of @see tag</a></DD><DD><a href="psi_element://TopLevelClass">this is me!</a></DD></DL>