<div class='definition'><pre>Foo</pre></div><div class='content'><p>Top level class docs</div>