<div class='definition'><pre>LibraryMain</pre></div><div class='content'><p>This is library main class</div><table class='sections'></table>