<div class='separated'><div class='definition'><pre><span style='color: #000080'>directive property</span> <span style='color: #660e7a'>my-input</span><span style="">:&#32;String</span></pre></div>
</div><div class='definition'><pre><span style='color: #000080'>directive</span> <span style='color: #000000'>MyDirective</span></pre></div>