<div class='separated'><div class='definition'><pre><span style='color: #000080'>directive property</span> <span style='color: #660e7a'>my-input</span><span style="">:&#32;String</span></pre></div><div class='content'><p>the input</div></div>
<div class='separated'><div class='definition'><pre><span style='color: #000080'>directive property</span> <span style='color: #660e7a'>my-inputChange</span><span style="">:&#32;String</span></pre></div><div class='content'><p>the output</div><table class='sections'><tr><td valign='top' class='section'><p>Foo:</td><td valign='top'><p>bar</td></table></div>
<div class='definition'><pre><span style='color: #000080'>directive</span> <span style='color: #000000'>MyDirective</span></pre></div><table class='sections'><tr><td valign='top' colspan='2'><icon src='JavaScriptPsiIcons.FileTypes.TypeScriptFile'/>&nbsp;directiveNoDocInOutDoc.ts</td></table>