let local: <a href="psi_element://Ref">Ref</a>&lt;string | number&gt;<br/>[ide]<br/>let local: <a href="psi_element://Ref">Ref</a>&lt;<a href="psi_element://UnwrapRef">UnwrapRef</a>&lt;number&gt;&gt; | <a href="psi_element://Ref">Ref</a>&lt;<a href="psi_element://UnwrapRef">UnwrapRef</a>&lt;string&gt;&gt;