(property) local: string | number<br/>[ide]<br/>let local: number | string