(property) local: number<br/>[ide]<br/>let local: number