<div class='definition'><pre>event1</pre></div>
<div class='content'>
<p>My best event</p>
</div><table class='sections'>
<tr><td valign='top' class='section'><p>Library:</td><td valign='top'><p>test-lib@2.0.0-rc.24</td>
</table>
<div class="bottom-no-content"><a href="http://event.doc.url">`event1` on event.doc.url<icon src='AllIcons.Ide.External_link_arrow'></a></div>