<div class='definition'><pre>foo</pre></div>
<div class='content'>
<p>Foo is cool</p>
</div><table class='sections'>
<tr><td valign='top' class='section'><p>Library:</td><td valign='top'><p>test-lib@2.0.0-rc.24</td>
</table>
<div class="bottom-no-content"><a href="http://cool.foo">`foo` on cool.foo<icon src='AllIcons.Ide.External_link_arrow'></a></div>