<div class='definition'><pre>export class CdkNoDataRow</pre></div><div class='content'><p>Row that can be used to display a message when no data is shown in the table.</div><table class='sections'><tr><td valign='top'><icon src='JavaScriptPsiIcons.FileTypes.TypeScriptFile'/>&nbsp;@angular/cdk/table/index.d.ts</td></table>