<div class='definition'><pre>slot</pre></div>
<div class='content'>
<p><b>Prefer v-slot in 2.6.0+</b></p>
<p>Used on content inserted into child components to indicate which named slot the content belongs to.</p>
</div><table class='sections'>
<tr><td valign='top' class='section'><p>Deprecated</td>
<tr><td valign='top' class='section'><p>Library:</td><td valign='top'><p>vue@2.6.0</td>
</table>
<div class="bottom-no-content"><a href="https://vuejs.org/v2/api/#slot-deprecated">`slot` on vuejs.org<icon src='AllIcons.Ide.External_link_arrow'></a></div>