<div class='definition'><pre><span style="">msg:&#32;String</span></pre></div><table class='sections'><tr><td valign='top'><icon src='AllIcons.FileTypes.JavaScript'/>&nbsp;NotRequiredPropertyJS.vue</td></table>