<div class='definition'><pre>foo: <span style="color:#660e7a;">name</span><span style="">:&#32;String&#32;|&#32;</span><span style="color:#000080;">any</span><span style="">[]&#32;|&#32;Object</span></pre></div>
<table class='sections'>
<tr><td valign='top' class='section'><p>Required</td>
</table>