<?xml version="1.0" encoding="UTF-8"?>
<umlModel origin="com.test.MyButton">
  <node id="com.test.MyButton" nodeName="Class com.test.MyButton" name="&lt;html&gt;&lt;b&gt;com.test.MyButton&lt;/b&gt;&lt;/html&gt;" />
</umlModel>